{
    "homo sapiens - [bed, csi], fasta, fai, [], []": {
        "content": [
            {
                "0": [
                    
                ],
                "1": [
                    
                ],
                "2": [
                    
                ],
                "3": [
                    
                ],
                "4": [
                    
                ],
                "5": [
                    
                ],
                "6": [
                    
                ],
                "bed": [
                    
                ],
                "bed_tbi": [
                    
                ],
                "png": [
                    
                ],
                "spc": [
                    
                ],
                "vcf": [
                    
                ],
                "vcf_tbi": [
                    
                ],
                "versions": [
                    
                ]
            }
        ],
        "meta": {
            "nf-test": "0.9.2",
            "nextflow": "24.10.5"
        },
        "timestamp": "2025-04-03T13:36:09.277083747"
    },
    "homo sapiens - stub": {
        "content": [
            {
                "0": [
                    
                ],
                "1": [
                    
                ],
                "2": [
                    
                ],
                "3": [
                    
                ],
                "4": [
                    
                ],
                "5": [
                    
                ],
                "6": [
                    
                ],
                "bed": [
                    
                ],
                "bed_tbi": [
                    
                ],
                "png": [
                    
                ],
                "spc": [
                    
                ],
                "vcf": [
                    
                ],
                "vcf_tbi": [
                    
                ],
                "versions": [
                    
                ]
            }
        ],
        "meta": {
            "nf-test": "0.9.2",
            "nextflow": "24.10.5"
        },
        "timestamp": "2025-04-03T13:36:38.043690797"
    }
}